ERR	Ising8 Exp vs dense MatrixExp	0.
ERR	Ising8 Exp vs Exp of the entries	2.490295093470923*^-16
ERR	Ising8 U U^dagger - 1	5.551498820577731*^-16
ERR	Ising8 E^ and MatrixExp vs Exp	{0., 0.}
ERR	Ising8 2^qo vs MatrixExp of Log[2] qo	4.423544863740858*^-16
VAL	Ising8 result matrix head	SparseArray
SAME	exact diag Exp	3418283027268940478
VAL	exact diag Exp	{{-1, 0, 0, 0}, {0, 2, 0, 0}, {0, 0, 1, 0}, {0, 0, 0, -I}}
SAME	symbolic diag Exp	2726667415589192603
VAL	symbolic diag Exp	{{E^a, 0, 0, 0}, {0, E^b, 0, 0}, {0, 0, E^c, 0}, {0, 0, 0, E^d}}
SAME	symbolic diag x^qo	5868611986389697750
SAME	symbolic MatrixExp[qo]	2726667415589192603
SAME	symbolic Exp label	3820865162150595946
SAME	"RZ"[\[Theta]]	836887814064492351
SAME	"RZ"[0.4]	6377897656568476004
SAME	"RZ"[\[Theta], 3]	4054231778323443867
SAME	"R"[\[Theta], "ZZ"]	2767184284403226312
SAME	"R"[\[Theta], "ZZZ"]	6713406420181941017
SAME	"R"[0.7, "ZIZ"]	8411103171792734914
SAME	"RX"[\[Theta]]	43876351919509086
SAME	"R"[\[Theta], "XX"]	1912971495310947529
SAME	RZ label	1754366474151189053
VAL	parametrized Exp amplitudes head	Function
ERR	parametrized Exp at 0.3 vs Exp[-I 0.3 qo]	0.
ERR	parametrized Exp at 0 vs identity	0.
SAME	parametrized Exp closed form	8732182242873238899
VAL	collision Exp at a = b = 1	{{E, 0}, {0, E}}
VAL	collision Sin at a = b = 0	{{0, 0}, {0, 0}}
VAL	collision Exp[Sin] at a = b = 0	{{1, 0}, {0, 1}}
VAL	collision MatrixExp at a = b = 2	{{E^2, 0}, {0, E^2}}
VAL	non-diagonal parametrized Exp at 0, 0	{{1, 0}, {0, 1}}
ERR	non-diagonal parametrized Exp at 1/3, 1/5	0.
ERR	coupling vanishing at b = 0: value at b = 0 vs Exp of the entries	4.440892098500626*^-16
ERR	coupling vanishing at b = 0: value at b = 0.2 vs MatrixExp	0.
ERR	MatrixExp[qo, ket] vs MatrixExp of the matrix on the vector	0.
ERR	MatrixExp[-I 0.3 XI, rho] vs Exp[-I 0.3 XI][rho]	0.07035768744702094
ERR	MatrixExp[-I 0.3 ZZ, rho] vs Exp[-I 0.3 ZZ][rho]	0.13185126474715245
VAL	trace of MatrixExp[-I 0.3 XI, rho]	1.0941742837052102 - 7.462978534500539*^-34*I
ERR	Liouvillian Exp vs dense MatrixExp	0.
ERR	Liouvillian trace change	2.220446049250313*^-16
ERR	Liouvillian populations change	5.551115123125783*^-17
ERR	Liouvillian vs closed form, all entries	5.551115123125783*^-17
ERR	Liouvillian MatrixExp[qo, qs] vs Exp[qo][qs]	4.9065389333867974*^-18
SAME	transverse field Exp	1965129522948810290
SAME	random Hermitian Exp	5585844220081683331
SAME	exact non-diagonal Exp	4840432926882170064
SAME	symbolic non-diagonal Exp	6611276801157748948
SAME	coupling 1e-12 Exp	4725822402039506551
SAME	coupling 1e-15 Exp	883991715857151903
VAL	default-tolerance DiagonalMatrixQ calls it diagonal	True
ERR	resonant Exp, 2-3 block vs MatrixExp of the block alone	0.000047782657710286784
ERR	resonant Cos[qo], 2-3 block vs Cos of the block alone	4.999999583255033*^-7
VAL	underflow Exp[-2000 qo]	{{0., 0}, {0, 0.9999999999999579145832900999927908583`12.954155692711687}}
MSG	underflow Exp[-2000 qo]	0
VAL	complex underflow	{{0. + 0.*I, 0}, {0, 0.54030230586823203136781361197178023773`15.089534696876777 + 0.84147098480803789002475650739894490051`15.352529778863042*I}}
MSG	complex underflow	0
ERR	e^0 beside e^-800 vs 1	1.4488410471358293*^-13
VAL	modulus of the phase e^(i 10^20)	1.5998390526607249705549963270813618`15.954589770191005*^651
MSG	Ising8 Exp	0
VAL	zero operator Exp	{{1, 0, 0, 0}, {0, 1, 0, 0}, {0, 0, 1, 0}, {0, 0, 0, 1}}

MatrixPower::matsq: Argument SparseArray[<2>, {4, 2}] at position 1 is not a nonempty square matrix.
SAME	non-square E^qo	4900739234935453214
VAL	30-digit diagonal: precision of the result	30.
VAL	hidden zero proved: strict test, result	{True, {{E^a, ((E^a - E^b)*(-1 + Cos[y]^2 + Sin[y]^2))/(a - b)}, {0, E^b}}}
VAL	Normal of a machine exponential is packed	True
